\BOOKMARK [0][-]{chapter.1}{\376\377\000C\000o\000n\000t\000e\000s\000t\000o\000\040\000e\000\040\000M\000o\000t\000i\000v\000a\000z\000i\000o\000n\000i}{}% 1
\BOOKMARK [1][-]{section.1.1}{\376\377\000C\000o\000n\000t\000e\000s\000t\000o\000\040\000A\000p\000p\000l\000i\000c\000a\000t\000i\000v\000o}{chapter.1}% 2
\BOOKMARK [1][-]{section.1.2}{\376\377\000I\000l\000\040\000P\000r\000o\000b\000l\000e\000m\000a\000\040\000c\000h\000e\000\040\000S\000f\000r\000i\000g\000o\000\040\000R\000i\000s\000o\000l\000v\000e}{chapter.1}% 3
\BOOKMARK [1][-]{section.1.3}{\376\377\000O\000b\000i\000e\000t\000t\000i\000v\000i\000\040\000d\000e\000l\000\040\000P\000r\000o\000g\000e\000t\000t\000o}{chapter.1}% 4
\BOOKMARK [0][-]{chapter.2}{\376\377\000C\000o\000m\000p\000o\000n\000e\000n\000t\000i\000\040\000d\000e\000l\000\040\000P\000r\000o\000g\000e\000t\000t\000o}{}% 5
\BOOKMARK [1][-]{section.2.1}{\376\377\000S\000t\000r\000u\000t\000t\000u\000r\000a\000\040\000a\000\040\000M\000a\000c\000r\000o\000b\000l\000o\000c\000c\000h\000i}{chapter.2}% 6
\BOOKMARK [2][-]{subsection.2.1.1}{\376\377\000F\000r\000o\000n\000t\000e\000n\000d\000\040\040\023\000\040\000N\000e\000x\000t\000.\000j\000s\000\040\000A\000p\000p\000l\000i\000c\000a\000t\000i\000o\000n}{section.2.1}% 7
\BOOKMARK [2][-]{subsection.2.1.2}{\376\377\000A\000P\000I\000\040\000G\000a\000t\000e\000w\000a\000y}{section.2.1}% 8
\BOOKMARK [2][-]{subsection.2.1.3}{\376\377\000U\000s\000e\000r\000\040\000S\000e\000r\000v\000i\000c\000e}{section.2.1}% 9
\BOOKMARK [2][-]{subsection.2.1.4}{\376\377\000F\000r\000i\000d\000g\000e\000\040\000S\000e\000r\000v\000i\000c\000e}{section.2.1}% 10
\BOOKMARK [2][-]{subsection.2.1.5}{\376\377\000R\000e\000c\000i\000p\000e\000\040\000S\000e\000r\000v\000i\000c\000e}{section.2.1}% 11
\BOOKMARK [0][-]{chapter.3}{\376\377\000A\000r\000c\000h\000i\000t\000e\000t\000t\000u\000r\000a\000\040\000e\000\040\000M\000e\000t\000o\000d\000o\000l\000o\000g\000i\000a}{}% 12
\BOOKMARK [1][-]{section.3.1}{\376\377\000A\000r\000c\000h\000i\000t\000e\000t\000t\000u\000r\000a\000\040\000a\000\040\000M\000i\000c\000r\000o\000s\000e\000r\000v\000i\000z\000i}{chapter.3}% 13
\BOOKMARK [1][-]{section.3.2}{\376\377\000S\000c\000e\000l\000t\000a\000\040\000d\000e\000i\000\040\000D\000a\000t\000a\000b\000a\000s\000e\000:\000\040\000S\000Q\000L\000\040\000e\000\040\000N\000o\000S\000Q\000L}{chapter.3}% 14
\BOOKMARK [2][-]{subsection.3.2.1}{\376\377\000P\000o\000s\000t\000g\000r\000e\000S\000Q\000L\000\040\040\023\000\040\000D\000a\000t\000i\000\040\000R\000e\000l\000a\000z\000i\000o\000n\000a\000l\000i}{section.3.2}% 15
\BOOKMARK [2][-]{subsection.3.2.2}{\376\377\000M\000o\000n\000g\000o\000D\000B\000\040\040\023\000\040\000D\000a\000t\000i\000\040\000E\000t\000e\000r\000o\000g\000e\000n\000e\000i\000\040\000e\000\040\000F\000l\000e\000s\000s\000i\000b\000i\000l\000i}{section.3.2}% 16
\BOOKMARK [1][-]{section.3.3}{\376\377\000T\000o\000o\000l\000c\000h\000a\000i\000n\000\040\000e\000\040\000M\000o\000t\000i\000v\000a\000z\000i\000o\000n\000i}{chapter.3}% 17
\BOOKMARK [1][-]{section.3.4}{\376\377\000V\000e\000r\000s\000i\000o\000n\000a\000m\000e\000n\000t\000o\000\040\000e\000\040\000G\000e\000s\000t\000i\000o\000n\000e\000\040\000d\000e\000i\000\040\000M\000i\000c\000r\000o\000s\000e\000r\000v\000i\000z\000i}{chapter.3}% 18
\BOOKMARK [0][-]{chapter.4}{\376\377\000M\000e\000t\000o\000d\000o\000l\000o\000g\000i\000a\000\040\000d\000i\000\040\000S\000v\000i\000l\000u\000p\000p\000o}{}% 19
\BOOKMARK [1][-]{section.4.1}{\376\377\000A\000p\000p\000r\000o\000c\000c\000i\000o\000\040\000A\000g\000i\000l\000e\000\040\000e\000\040\000F\000r\000a\000m\000e\000w\000o\000r\000k\000\040\000S\000c\000r\000u\000m}{chapter.4}% 20
\BOOKMARK [1][-]{section.4.2}{\376\377\000A\000g\000i\000l\000e\000\040\000M\000o\000d\000e\000l\000\040\000D\000r\000i\000v\000e\000n\000\040\000D\000e\000v\000e\000l\000o\000p\000m\000e\000n\000t\000\040\000\050\000A\000M\000D\000D\000\051}{chapter.4}% 21
\BOOKMARK [1][-]{section.4.3}{\376\377\000D\000e\000v\000O\000p\000s\000\040\000e\000\040\000I\000n\000t\000e\000g\000r\000a\000z\000i\000o\000n\000e\000\040\000C\000o\000n\000t\000i\000n\000u\000a}{chapter.4}% 22
\BOOKMARK [0][-]{chapter.5}{\376\377\000A\000n\000a\000l\000i\000s\000i\000\040\000d\000e\000l\000\040\000C\000o\000d\000i\000c\000e}{}% 23
\BOOKMARK [1][-]{section.5.1}{\376\377\000A\000n\000a\000l\000i\000s\000i\000\040\000S\000t\000a\000t\000i\000c\000a}{chapter.5}% 24
\BOOKMARK [1][-]{section.5.2}{\376\377\000A\000n\000a\000l\000i\000s\000i\000\040\000D\000i\000n\000a\000m\000i\000c\000a}{chapter.5}% 25
\BOOKMARK [0][-]{chapter.6}{\376\377\000I\000t\000e\000r\000a\000z\000i\000o\000n\000e\000\040\0000}{}% 26
\BOOKMARK [1][-]{section.6.1}{\376\377\000A\000n\000a\000l\000i\000s\000i\000\040\000d\000e\000i\000\040\000R\000e\000q\000u\000i\000s\000i\000t\000i}{chapter.6}% 27
\BOOKMARK [2][-]{subsection.6.1.1}{\376\377\000G\000e\000s\000t\000i\000o\000n\000e\000\040\000A\000c\000c\000o\000u\000n\000t\000\040\000e\000\040\000A\000c\000c\000e\000s\000s\000o}{section.6.1}% 28
\BOOKMARK [2][-]{subsection.6.1.2}{\376\377\000G\000e\000s\000t\000i\000o\000n\000e\000\040\000F\000r\000i\000g\000o\000r\000i\000f\000e\000r\000o}{section.6.1}% 29
\BOOKMARK [2][-]{subsection.6.1.3}{\376\377\000G\000e\000s\000t\000i\000o\000n\000e\000\040\000M\000e\000m\000b\000r\000i\000\040\000e\000\040\000I\000n\000v\000i\000t\000i}{section.6.1}% 30
\BOOKMARK [2][-]{subsection.6.1.4}{\376\377\000G\000e\000s\000t\000i\000o\000n\000e\000\040\000I\000n\000v\000e\000n\000t\000a\000r\000i\000o}{section.6.1}% 31
\BOOKMARK [2][-]{subsection.6.1.5}{\376\377\000S\000u\000p\000p\000o\000r\000t\000o\000\040\000a\000l\000l\000a\000\040\000C\000r\000e\000a\000z\000i\000o\000n\000e\000\040\000d\000i\000\040\000R\000i\000c\000e\000t\000t\000e}{section.6.1}% 32
\BOOKMARK [1][-]{section.6.2}{\376\377\000U\000s\000e\000\040\000C\000a\000s\000e\000\040\000D\000i\000a\000g\000r\000a\000m}{chapter.6}% 33
\BOOKMARK [1][-]{section.6.3}{\376\377\000A\000n\000a\000l\000i\000s\000i\000\040\000d\000e\000l\000l\000e\000\040\000S\000p\000e\000c\000i\000f\000i\000c\000h\000e\000\040\000e\000\040\000P\000r\000i\000o\000r\000i\000t\000i\000z\000z\000a\000z\000i\000o\000n\000e}{chapter.6}% 34
\BOOKMARK [2][-]{subsection.6.3.1}{\376\377\000A\000l\000t\000a\000\040\000P\000r\000i\000o\000r\000i\000t\000\340}{section.6.3}% 35
\BOOKMARK [2][-]{subsection.6.3.2}{\376\377\000M\000e\000d\000i\000a\000\040\000P\000r\000i\000o\000r\000i\000t\000\340}{section.6.3}% 36
\BOOKMARK [2][-]{subsection.6.3.3}{\376\377\000B\000a\000s\000s\000a\000\040\000P\000r\000i\000o\000r\000i\000t\000\340}{section.6.3}% 37
\BOOKMARK [1][-]{section.6.4}{\376\377\000A\000n\000a\000l\000i\000s\000i\000\040\000d\000e\000l\000l\000'\000A\000r\000c\000h\000i\000t\000e\000t\000t\000u\000r\000a\000\040\040\023\000\040\000D\000e\000p\000l\000o\000y\000m\000e\000n\000t\000\040\000D\000i\000a\000g\000r\000a\000m}{chapter.6}% 38
\BOOKMARK [0][-]{chapter.7}{\376\377\000I\000t\000e\000r\000a\000z\000i\000o\000n\000e\000\040\0001}{}% 39
\BOOKMARK [1][-]{section.7.1}{\376\377\000I\000n\000t\000r\000o\000d\000u\000z\000i\000o\000n\000e}{chapter.7}% 40
\BOOKMARK [1][-]{section.7.2}{\376\377\000D\000e\000s\000c\000r\000i\000z\000i\000o\000n\000e\000\040\000d\000e\000i\000\040\000C\000a\000s\000i\000\040\000d\000'\000U\000s\000o}{chapter.7}% 41
\BOOKMARK [2][-]{subsection.7.2.1}{\376\377\000U\000C\0001\000\040\040\023\000\040\000V\000i\000s\000u\000a\000l\000i\000z\000z\000a\000z\000i\000o\000n\000e\000\040\000S\000c\000h\000e\000r\000m\000a\000t\000a\000\040\000I\000n\000i\000z\000i\000a\000l\000e}{section.7.2}% 42
\BOOKMARK [2][-]{subsection.7.2.2}{\376\377\000U\000C\0001\000.\0001\000\040\040\023\000\040\000R\000e\000g\000i\000s\000t\000r\000a\000z\000i\000o\000n\000e\000\040\000U\000t\000e\000n\000t\000e}{section.7.2}% 43
\BOOKMARK [2][-]{subsection.7.2.3}{\376\377\000U\000C\0001\000.\0002\000\040\040\023\000\040\000L\000o\000g\000i\000n\000\040\000U\000t\000e\000n\000t\000e}{section.7.2}% 44
\BOOKMARK [2][-]{subsection.7.2.4}{\376\377\000U\000C\0001\000.\0003\000\040\040\023\000\040\000L\000o\000g\000o\000u\000t\000\040\000U\000t\000e\000n\000t\000e}{section.7.2}% 45
\BOOKMARK [2][-]{subsection.7.2.5}{\376\377\000U\000C\0002\000\040\040\023\000\040\000V\000i\000s\000u\000a\000l\000i\000z\000z\000a\000z\000i\000o\000n\000e\000\040\000D\000a\000s\000h\000b\000o\000a\000r\000d}{section.7.2}% 46
\BOOKMARK [2][-]{subsection.7.2.6}{\376\377\000U\000C\0002\000.\0001\000\040\040\023\000\040\000C\000r\000e\000a\000z\000i\000o\000n\000e\000\040\000F\000r\000i\000g\000o\000r\000i\000f\000e\000r\000o}{section.7.2}% 47
\BOOKMARK [2][-]{subsection.7.2.7}{\376\377\000U\000C\0003\000\040\040\023\000\040\000V\000i\000s\000u\000a\000l\000i\000z\000z\000a\000z\000i\000o\000n\000e\000\040\000I\000n\000v\000e\000n\000t\000a\000r\000i\000o}{section.7.2}% 48
\BOOKMARK [2][-]{subsection.7.2.8}{\376\377\000U\000C\0003\000.\0001\000\040\040\023\000\040\000A\000g\000g\000i\000u\000n\000g\000i\000\040\000A\000l\000i\000m\000e\000n\000t\000o}{section.7.2}% 49
\BOOKMARK [2][-]{subsection.7.2.9}{\376\377\000U\000C\0003\000.\0002\000\040\040\023\000\040\000R\000i\000m\000o\000z\000i\000o\000n\000e\000\040\000A\000l\000i\000m\000e\000n\000t\000o}{section.7.2}% 50
\BOOKMARK [2][-]{subsection.7.2.10}{\376\377\000U\000C\0003\000.\0003\000\040\040\023\000\040\000I\000n\000v\000i\000t\000o\000\040\000a\000l\000\040\000F\000r\000i\000g\000o}{section.7.2}% 51
\BOOKMARK [2][-]{subsection.7.2.11}{\376\377\000U\000C\0003\000.\0004\000\040\040\023\000\040\000R\000i\000m\000o\000z\000i\000o\000n\000e\000\040\000F\000r\000i\000g\000o\000r\000i\000f\000e\000r\000o}{section.7.2}% 52
\BOOKMARK [1][-]{section.7.3}{\376\377\000C\000o\000m\000p\000o\000n\000e\000n\000t\000\040\000D\000i\000a\000g\000r\000a\000m}{chapter.7}% 53
\BOOKMARK [1][-]{section.7.4}{\376\377\000U\000M\000L\000\040\000S\000e\000q\000u\000e\000n\000c\000e\000\040\000D\000i\000a\000g\000r\000a\000m}{chapter.7}% 54
\BOOKMARK [2][-]{subsection.7.4.1}{\376\377\000A\000u\000t\000e\000n\000t\000i\000c\000a\000z\000i\000o\000n\000e}{section.7.4}% 55
\BOOKMARK [2][-]{subsection.7.4.2}{\376\377\000A\000g\000g\000i\000u\000n\000t\000a\000\040\000d\000i\000\040\000u\000n\000\040\000A\000l\000i\000m\000e\000n\000t\000o}{section.7.4}% 56
\BOOKMARK [2][-]{subsection.7.4.3}{\376\377\000C\000r\000e\000a\000z\000i\000o\000n\000e\000\040\000F\000r\000i\000g\000o\000r\000i\000f\000e\000r\000o}{section.7.4}% 57
\BOOKMARK [2][-]{subsection.7.4.4}{\376\377\000I\000n\000v\000i\000t\000o\000\040\000U\000t\000e\000n\000t\000i\000\040\000a\000l\000\040\000F\000r\000i\000g\000o\000r\000i\000f\000e\000r\000o}{section.7.4}% 58
\BOOKMARK [2][-]{subsection.7.4.5}{\376\377\000G\000e\000s\000t\000i\000o\000n\000e\000\040\000F\000r\000i\000g\000o\000r\000i\000f\000e\000r\000o\000\040\000\050\000C\000a\000n\000c\000e\000l\000l\000a\000z\000i\000o\000n\000e\000\051}{section.7.4}% 59
\BOOKMARK [2][-]{subsection.7.4.6}{\376\377\000V\000i\000s\000u\000a\000l\000i\000z\000z\000a\000z\000i\000o\000n\000e\000\040\000A\000l\000i\000m\000e\000n\000t\000i\000\040\000d\000e\000l\000\040\000F\000r\000i\000g\000o\000r\000i\000f\000e\000r\000o}{section.7.4}% 60
\BOOKMARK [2][-]{subsection.7.4.7}{\376\377\000V\000i\000s\000u\000a\000l\000i\000z\000z\000a\000z\000i\000o\000n\000e\000\040\000L\000i\000s\000t\000a\000\040\000F\000r\000i\000g\000o\000r\000i\000f\000e\000r\000i}{section.7.4}% 61
\BOOKMARK [1][-]{section.7.5}{\376\377\000U\000M\000L\000\040\000C\000l\000a\000s\000s\000\040\000D\000i\000a\000g\000r\000a\000m\000\040\040\023\000\040\000S\000c\000h\000e\000m\000a\000\040\000d\000e\000i\000\040\000D\000a\000t\000i}{chapter.7}% 62
\BOOKMARK [1][-]{section.7.6}{\376\377\000T\000e\000s\000t\000i\000n\000g}{chapter.7}% 63
\BOOKMARK [2][-]{subsection.7.6.1}{\376\377\000A\000n\000a\000l\000i\000s\000i\000\040\000S\000t\000a\000t\000i\000c\000a\000\040\040\023\000\040\000E\000S\000L\000i\000n\000t}{section.7.6}% 64
\BOOKMARK [2][-]{subsection.7.6.2}{\376\377\000A\000n\000a\000l\000i\000s\000i\000\040\000D\000i\000n\000a\000m\000i\000c\000a\000\040\040\023\000\040\000J\000e\000s\000t\000\040\000e\000\040\000S\000u\000p\000e\000r\000t\000e\000s\000t}{section.7.6}% 65
\BOOKMARK [1][-]{section.7.7}{\376\377\000D\000o\000c\000u\000m\000e\000n\000t\000a\000z\000i\000o\000n\000e\000\040\000A\000P\000I}{chapter.7}% 66
\BOOKMARK [2][-]{subsection.7.7.1}{\376\377\000A\000d\000d\000\040\000I\000t\000e\000m\000\040\000e\000\040\000D\000e\000l\000e\000t\000e\000\040\000I\000t\000e\000m}{section.7.7}% 67
\BOOKMARK [2][-]{subsection.7.7.2}{\376\377\000G\000e\000t\000\040\000F\000r\000i\000g\000o\000s\000\040\000e\000\040\000G\000e\000t\000\040\000I\000t\000e\000m\000s}{section.7.7}% 68
\BOOKMARK [2][-]{subsection.7.7.3}{\376\377\000L\000o\000g\000i\000n\000\040\000t\000r\000a\000m\000i\000t\000e\000\040\000F\000i\000r\000e\000b\000a\000s\000e}{section.7.7}% 69
\BOOKMARK [0][-]{chapter.8}{\376\377\000I\000t\000e\000r\000a\000z\000i\000o\000n\000e\000\040\0002}{}% 70
\BOOKMARK [1][-]{section.8.1}{\376\377\000I\000n\000t\000r\000o\000d\000u\000z\000i\000o\000n\000e}{chapter.8}% 71
\BOOKMARK [1][-]{section.8.2}{\376\377\000D\000e\000s\000c\000r\000i\000z\000i\000o\000n\000e\000\040\000d\000e\000i\000\040\000C\000a\000s\000i\000\040\000d\000'\000U\000s\000o}{chapter.8}% 72
\BOOKMARK [2][-]{subsection.8.2.1}{\376\377\000U\000C\0005\000\040\040\023\000\040\000A\000l\000i\000m\000e\000n\000t\000o\000\040\000d\000i\000\040\000U\000s\000o\000\040\000C\000o\000m\000u\000n\000e}{section.8.2}% 73
\BOOKMARK [2][-]{subsection.8.2.2}{\376\377\000U\000C\0006\000\040\040\023\000\040\000T\000r\000a\000c\000c\000i\000a\000m\000e\000n\000t\000o\000\040\000P\000r\000o\000p\000r\000i\000e\000t\000a\000r\000i\000o\000\040\000A\000l\000i\000m\000e\000n\000t\000o}{section.8.2}% 74
\BOOKMARK [2][-]{subsection.8.2.3}{\376\377\000U\000C\0007\000\040\040\023\000\040\000R\000i\000c\000h\000i\000e\000s\000t\000a\000\040\000R\000i\000c\000e\000t\000t\000a\000\040\000P\000e\000r\000s\000o\000n\000a\000l\000e}{section.8.2}% 75
\BOOKMARK [2][-]{subsection.8.2.4}{\376\377\000U\000C\0008\000\040\040\023\000\040\000R\000i\000c\000h\000i\000e\000s\000t\000a\000\040\000R\000i\000c\000e\000t\000t\000a\000\040\000C\000o\000n\000d\000i\000v\000i\000s\000a}{section.8.2}% 76
\BOOKMARK [2][-]{subsection.8.2.5}{\376\377\000U\000C\0009\000\040\040\023\000\040\000A\000l\000g\000o\000r\000i\000t\000m\000o\000\040\000d\000i\000\040\000S\000o\000r\000t\000i\000n\000g}{section.8.2}% 77
\BOOKMARK [2][-]{subsection.8.2.6}{\376\377\000U\000C\0001\0000\000\040\040\023\000\040\000A\000l\000g\000o\000r\000i\000t\000m\000o\000\040\000d\000i\000\040\000E\000q\000u\000i\000t\000\340}{section.8.2}% 78
\BOOKMARK [2][-]{subsection.8.2.7}{\376\377\000U\000C\0001\0001\000\040\040\023\000\040\000U\000s\000c\000i\000t\000a\000\040\000V\000o\000l\000o\000n\000t\000a\000r\000i\000a\000\040\000d\000a\000l\000\040\000F\000r\000i\000g\000o\000r\000i\000f\000e\000r\000o}{section.8.2}% 79
\BOOKMARK [2][-]{subsection.8.2.8}{\376\377\000U\000C\0001\0002\000\040\040\023\000\040\000R\000i\000m\000o\000z\000i\000o\000n\000e\000\040\000U\000t\000e\000n\000t\000e\000\040\000d\000a\000l\000\040\000F\000r\000i\000g\000o\000r\000i\000f\000e\000r\000o}{section.8.2}% 80
\BOOKMARK [1][-]{section.8.3}{\376\377\000S\000e\000q\000u\000e\000n\000c\000e\000\040\000D\000i\000a\000g\000r\000a\000m\000\040\040\023\000\040\000I\000t\000e\000r\000a\000z\000i\000o\000n\000e\000\040\0002}{chapter.8}% 81
\BOOKMARK [2][-]{subsection.8.3.1}{\376\377\000G\000e\000n\000e\000r\000a\000z\000i\000o\000n\000e\000\040\000R\000i\000c\000e\000t\000t\000a}{section.8.3}% 82
\BOOKMARK [2][-]{subsection.8.3.2}{\376\377\000C\000a\000l\000c\000o\000l\000o\000\040\000E\000q\000u\000i\000t\000\340}{section.8.3}% 83
\BOOKMARK [2][-]{subsection.8.3.3}{\376\377\000R\000i\000m\000o\000z\000i\000o\000n\000e\000\040\000U\000t\000e\000n\000t\000e\000\040\000d\000a\000l\000\040\000F\000r\000i\000g\000o\000r\000i\000f\000e\000r\000o}{section.8.3}% 84
\BOOKMARK [1][-]{section.8.4}{\376\377\000T\000e\000s\000t\000i\000n\000g\000\040\040\023\000\040\000I\000t\000e\000r\000a\000z\000i\000o\000n\000e\000\040\0002}{chapter.8}% 85
\BOOKMARK [2][-]{subsection.8.4.1}{\376\377\000A\000n\000a\000l\000i\000s\000i\000\040\000D\000i\000n\000a\000m\000i\000c\000a\000\040\040\023\000\040\000F\000r\000i\000d\000g\000e\000\040\000S\000e\000r\000v\000i\000c\000e\000\040\000e\000\040\000R\000e\000c\000i\000p\000e\000\040\000S\000e\000r\000v\000i\000c\000e}{section.8.4}% 86
\BOOKMARK [1][-]{section.8.5}{\376\377\000D\000o\000c\000u\000m\000e\000n\000t\000a\000z\000i\000o\000n\000e\000\040\000A\000P\000I\000\040\040\023\000\040\000I\000t\000e\000r\000a\000z\000i\000o\000n\000e\000\040\0002}{chapter.8}% 87
\BOOKMARK [2][-]{subsection.8.5.1}{\376\377\000C\000a\000l\000c\000o\000l\000o\000\040\000E\000q\000u\000i\000t\000\340\000\040\000e\000\040\000G\000e\000n\000e\000r\000a\000z\000i\000o\000n\000e\000\040\000R\000i\000c\000e\000t\000t\000a}{section.8.5}% 88
\BOOKMARK [2][-]{subsection.8.5.2}{\376\377\000R\000i\000m\000o\000z\000i\000o\000n\000e\000\040\000M\000e\000m\000b\000r\000o}{section.8.5}% 89
\BOOKMARK [0][-]{chapter.9}{\376\377\000I\000n\000f\000r\000a\000s\000t\000r\000u\000t\000t\000u\000r\000a\000\040\000C\000I\000/\000C\000D}{}% 90
\BOOKMARK [1][-]{section.9.1}{\376\377\000C\000o\000n\000t\000i\000n\000u\000o\000u\000s\000\040\000I\000n\000t\000e\000g\000r\000a\000t\000i\000o\000n\000\040\000e\000\040\000C\000o\000n\000t\000i\000n\000u\000o\000u\000s\000\040\000D\000e\000l\000i\000v\000e\000r\000y}{chapter.9}% 91
\BOOKMARK [1][-]{section.9.2}{\376\377\000T\000r\000i\000g\000g\000e\000r\000s\000\040\000e\000\040\000F\000i\000l\000t\000r\000i\000\040\000d\000i\000\040\000P\000e\000r\000c\000o\000r\000s\000o}{chapter.9}% 92
\BOOKMARK [1][-]{section.9.3}{\376\377\000F\000l\000u\000s\000s\000o\000\040\000d\000e\000l\000l\000a\000\040\000P\000i\000p\000e\000l\000i\000n\000e}{chapter.9}% 93
\BOOKMARK [1][-]{section.9.4}{\376\377\000A\000r\000c\000h\000i\000t\000e\000t\000t\000u\000r\000a\000\040\000d\000i\000\040\000E\000s\000e\000c\000u\000z\000i\000o\000n\000e}{chapter.9}% 94
\BOOKMARK [1][-]{section.9.5}{\376\377\000A\000r\000c\000h\000i\000t\000e\000t\000t\000u\000r\000a\000\040\000d\000i\000\040\000D\000e\000p\000l\000o\000y\000m\000e\000n\000t\000\040\000e\000\040\000T\000o\000p\000o\000l\000o\000g\000i\000a\000\040\000d\000e\000i\000\040\000S\000e\000r\000v\000i\000z\000i}{chapter.9}% 95
\BOOKMARK [1][-]{section.9.6}{\376\377\000I\000m\000p\000l\000i\000c\000a\000z\000i\000o\000n\000i\000\040\000S\000t\000r\000a\000t\000e\000g\000i\000c\000h\000e\000\040\000e\000\040\000A\000z\000i\000e\000n\000d\000a\000l\000i}{chapter.9}% 96
\BOOKMARK [0][-]{chapter.10}{\376\377\000V\000i\000s\000t\000e\000\040\000F\000r\000o\000n\000t\000e\000n\000d}{}% 97
